[p.w3layouts.com/demos/shipment_track/web/index.html]
[backblue.gif]
[fade.gif]
[index.html]
[ajax.googleapis.com/ajax/libs/jquery/1.10.2/jquery.min.js]
[p.w3layouts.com/demos/shipment_track/web/css/style.css]
[m.servedby-buysellads.com/monetization.js]
[p.w3layouts.com/js/autotrack.js]
[p.w3layouts.com/images/demobar_w3_4thDec2019.css]
[p.w3layouts.com/demos/shipment_track/web/images/confirm.png]
[p.w3layouts.com/demos/shipment_track/web/images/process.png]
[p.w3layouts.com/demos/shipment_track/web/images/quality.png]
[p.w3layouts.com/demos/shipment_track/web/images/dispatch.png]
[p.w3layouts.com/demos/shipment_track/web/images/delivery.png]
[p.w3layouts.com/demos/shipment_track/web/index.html]
[p.w3layouts.com/demos/shipment_track/web/css/style.css]
[p.w3layouts.com/images/demobar_w3_4thDec2019.css]
[p.w3layouts.com/images/W3Layouts-light.html]
[p.w3layouts.com/assets/css/fonts/linecons/css/linecons.html]
[p.w3layouts.com/assets/css/fonts/fontawesome/css/font-awesome.min.html]
[p.w3layouts.com/assets/css/bootstrap.html]
[p.w3layouts.com/assets/css/xenon-core.html]
[p.w3layouts.com/assets/css/xenon-forms.html]
[p.w3layouts.com/assets/css/xenon-components.html]
[p.w3layouts.com/assets/css/xenon-skins.html]
[p.w3layouts.com/assets/css/custom.html]
[p.w3layouts.com/assets/js/jquery-1.11.1.min.html]
[p.w3layouts.com/assets/js/bootstrap.min.html]
[p.w3layouts.com/assets/js/TweenMax.min.html]
[p.w3layouts.com/assets/js/resizeable.html]
[p.w3layouts.com/assets/js/joinable.html]
[p.w3layouts.com/assets/js/xenon-api.html]
[p.w3layouts.com/assets/js/xenon-toggles.html]
[p.w3layouts.com/images/W3Layouts-light.html]
[p.w3layouts.com/assets/css/fonts/linecons/css/linecons.html]
[p.w3layouts.com/assets/css/fonts/fontawesome/css/font-awesome.min.html]
[p.w3layouts.com/assets/css/bootstrap.html]
[p.w3layouts.com/assets/css/xenon-core.html]
[p.w3layouts.com/assets/css/xenon-forms.html]
[p.w3layouts.com/assets/css/xenon-components.html]
[p.w3layouts.com/assets/css/xenon-skins.html]
[p.w3layouts.com/assets/css/custom.html]
[p.w3layouts.com/assets/js/jquery-1.11.1.min.html]
[p.w3layouts.com/assets/js/bootstrap.min.html]
[p.w3layouts.com/assets/js/TweenMax.min.html]
[p.w3layouts.com/assets/js/resizeable.html]
[p.w3layouts.com/assets/js/joinable.html]
[p.w3layouts.com/assets/js/xenon-api.html]
[p.w3layouts.com/assets/js/xenon-toggles.html]
[p.w3layouts.com/assets/js/xenon-custom.html]
[p.w3layouts.com/assets/js/xenon-custom.html]
